CREATE EXTENSION IF NOT EXISTS acoustid;
NOTICE:  extension "acoustid" already exists, skipping
SELECT '{994277718,440498550,440498550,180443510,180476246,180485494,193052022,193052006,1233231206}'::acoustid_raw_fingerprint;
                                   acoustid_raw_fingerprint                                   
----------------------------------------------------------------------------------------------
 {994277718,440498550,440498550,180443510,180476246,180485494,193052022,193052006,1233231206}
(1 row)

SELECT CAST('{994277718,440498550,440498550,180443510,180476246,180485494,193052022,193052006,1233231206}'::acoustid_raw_fingerprint AS int4[]);
                                             int4                                             
----------------------------------------------------------------------------------------------
 {994277718,440498550,440498550,180443510,180476246,180485494,193052022,193052006,1233231206}
(1 row)

SELECT CAST('{994277718,440498550,440498550,180443510,180476246,180485494,193052022,193052006,1233231206}'::acoustid_raw_fingerprint AS text);
                                             text                                             
----------------------------------------------------------------------------------------------
 {994277718,440498550,440498550,180443510,180476246,180485494,193052022,193052006,1233231206}
(1 row)

SELECT extract_terms('{994277718,440498550,440498550,180443510,180476246,180485494,193052022,193052006,1233231206}'::acoustid_raw_fingerprint);
                                        extract_terms                                         
----------------------------------------------------------------------------------------------
 {994277718,440498550,440498550,180443510,180476246,180485494,193052022,193052006,1233231206}
(1 row)

